0 verbose cli /data/data/com.termux/files/usr/bin/node /data/data/com.termux/files/usr/lib/node_modules/pm2/lib/ProcessContainerFork.js
1 info using npm@12.0.2
2 info using node@v26.4.0
3 silly config load:file:/data/data/com.termux/files/usr/lib/node_modules/npm/npmrc
4 silly config load:file:/data/data/com.termux/files/home/WhatsAppX/Server/.npmrc
5 silly config load:file:/data/data/com.termux/files/home/.npmrc
6 silly config load:file:/data/data/com.termux/files/usr/etc/npmrc
7 verbose title npm start
8 verbose argv "start"
9 verbose logfile logs-max:10 dir:/data/data/com.termux/files/home/.npm/_logs/2026-09-01T17_41_14_714Z-
10 verbose logfile /data/data/com.termux/files/home/.npm/_logs/2026-09-01T17_41_14_714Z-debug-0.log
11 silly logfile start cleaning logs, removing 1 files
12 silly logfile done cleaning log files
13 notice run whatsappx-server@0.1.0 start
14 notice run ts-node server.ts
15 verbose cwd /data/data/com.termux/files/home/WhatsAppX/Server
16 verbose os Linux 6.12.38-android16-5-abA075FXXS6CZH1-4k
17 verbose node v26.4.0
18 verbose npm  v12.0.2
19 verbose exit 1
20 verbose code 1
